$ next build
  ▲ Next.js 14.2.35
  - Environments: .env

   Creating an optimized production build ...
 ✓ Compiled successfully
   Linting and checking validity of types ...
   Collecting page data ...
unhandledRejection Error: Cannot find module './9192.js'
Require stack:
- D:\Sapi\apps\web\.next\server\webpack-runtime.js
- D:\Sapi\apps\web\.next\server\pages\_document.js
- D:\Sapi\node_modules\.pnpm\next@14.2.35_react-dom@18.3.1_react@18.3.1__react@18.3.1\node_modules\next\dist\server\require.js
- D:\Sapi\node_modules\.pnpm\next@14.2.35_react-dom@18.3.1_react@18.3.1__react@18.3.1\node_modules\next\dist\server\load-components.js
- D:\Sapi\node_modules\.pnpm\next@14.2.35_react-dom@18.3.1_react@18.3.1__react@18.3.1\node_modules\next\dist\build\utils.js
- D:\Sapi\node_modules\.pnpm\next@14.2.35_react-dom@18.3.1_react@18.3.1__react@18.3.1\node_modules\next\dist\build\worker.js
- D:\Sapi\node_modules\.pnpm\next@14.2.35_react-dom@18.3.1_react@18.3.1__react@18.3.1\node_modules\next\dist\compiled\jest-worker\processChild.js
    at Module.<anonymous> (node:internal/modules/cjs/loader:1421:15)
    at D:\Sapi\node_modules\.pnpm\next@14.2.35_react-dom@18.3.1_react@18.3.1__react@18.3.1\node_modules\next\dist\server\require-hook.js:55:36
    at defaultResolveImpl (node:internal/modules/cjs/loader:1059:19)
    at resolveForCJSWithHooks (node:internal/modules/cjs/loader:1064:22)
    at Module._load (node:internal/modules/cjs/loader:1227:37)
    at TracingChannel.traceSync (node:diagnostics_channel:328:14)
    at wrapModuleLoad (node:internal/modules/cjs/loader:245:24)
    at Module.<anonymous> (node:internal/modules/cjs/loader:1504:12)
    at mod.require (D:\Sapi\node_modules\.pnpm\next@14.2.35_react-dom@18.3.1_react@18.3.1__react@18.3.1\node_modules\next\dist\server\require-hook.js:65:28)
    at require (node:internal/modules/helpers:152:16) {
  type: 'Error',
  code: 'MODULE_NOT_FOUND',
  requireStack: [
    'D:\\Sapi\\apps\\web\\.next\\server\\webpack-runtime.js',
    'D:\\Sapi\\apps\\web\\.next\\server\\pages\\_document.js',
    'D:\\Sapi\\node_modules\\.pnpm\\next@14.2.35_react-dom@18.3.1_react@18.3.1__react@18.3.1\\node_modules\\next\\dist\\server\\require.js',
    'D:\\Sapi\\node_modules\\.pnpm\\next@14.2.35_react-dom@18.3.1_react@18.3.1__react@18.3.1\\node_modules\\next\\dist\\server\\load-components.js',
    'D:\\Sapi\\node_modules\\.pnpm\\next@14.2.35_react-dom@18.3.1_react@18.3.1__react@18.3.1\\node_modules\\next\\dist\\build\\utils.js',
    'D:\\Sapi\\node_modules\\.pnpm\\next@14.2.35_react-dom@18.3.1_react@18.3.1__react@18.3.1\\node_modules\\next\\dist\\build\\worker.js',
    'D:\\Sapi\\node_modules\\.pnpm\\next@14.2.35_react-dom@18.3.1_react@18.3.1__react@18.3.1\\node_modules\\next\\dist\\compiled\\jest-worker\\processChild.js'
  ]
}
[ELIFECYCLE] Command failed with exit code 1.
