$ next build
  ▲ Next.js 14.2.35
  - Environments: .env

   Creating an optimized production build ...
 ✓ Compiled successfully
   Linting and checking validity of types ...
   Collecting page data ...
PageNotFoundError: Cannot find module for page: /api/admin/weights
    at getPagePath (D:\Sapi\node_modules\.pnpm\next@14.2.35_react-dom@18.3.1_react@18.3.1__react@18.3.1\node_modules\next\dist\server\require.js:94:15)
    at requirePage (D:\Sapi\node_modules\.pnpm\next@14.2.35_react-dom@18.3.1_react@18.3.1__react@18.3.1\node_modules\next\dist\server\require.js:99:22)
    at D:\Sapi\node_modules\.pnpm\next@14.2.35_react-dom@18.3.1_react@18.3.1__react@18.3.1\node_modules\next\dist\server\load-components.js:103:84
    at process.processTicksAndRejections (node:internal/process/task_queues:103:5)
    at async loadComponentsImpl (D:\Sapi\node_modules\.pnpm\next@14.2.35_react-dom@18.3.1_react@18.3.1__react@18.3.1\node_modules\next\dist\server\load-components.js:103:26)
    at async D:\Sapi\node_modules\.pnpm\next@14.2.35_react-dom@18.3.1_react@18.3.1__react@18.3.1\node_modules\next\dist\build\utils.js:1116:32
    at async Span.traceAsyncFn (D:\Sapi\node_modules\.pnpm\next@14.2.35_react-dom@18.3.1_react@18.3.1__react@18.3.1\node_modules\next\dist\trace\trace.js:154:20) {
  code: 'ENOENT'
}

> Build error occurred
Error: Failed to collect page data for /api/admin/weights
    at D:\Sapi\node_modules\.pnpm\next@14.2.35_react-dom@18.3.1_react@18.3.1__react@18.3.1\node_modules\next\dist\build\utils.js:1269:15
    at process.processTicksAndRejections (node:internal/process/task_queues:103:5) {
  type: 'Error'
}
[ELIFECYCLE] Command failed with exit code 1.
